
> portal:build
> vite build --config portal/vite.config.ts && vite build --config portal/vite.settings.config.ts

vite v7.3.6 building client environment for production...
transforming...
✓ 4583 modules transformed.
rendering chunks...
computing gzip size...
dist/index.html                   0.45 kB │ gzip:  0.30 kB
dist/assets/index-BI7BX1u_.css   43.18 kB │ gzip:  8.50 kB
dist/assets/index-EfJdSWpR.js   343.36 kB │ gzip: 98.54 kB
✓ built in 1.95s
vite v7.3.6 building client environment for production...
transforming...
✓ 4583 modules transformed.
rendering chunks...
computing gzip size...
dist/settings.html                   0.46 kB │ gzip:  0.30 kB
dist/assets/settings-BI7BX1u_.css   43.18 kB │ gzip:  8.50 kB
dist/assets/settings-DxzNeLMi.js   343.36 kB │ gzip: 98.54 kB
✓ built in 1.85s
