
> portal:build
> vite build --config portal/vite.config.ts && vite build --config portal/vite.settings.config.ts

vite v7.3.6 building client environment for production...
transforming...
✓ 4583 modules transformed.
rendering chunks...
computing gzip size...
dist/index.html                   0.45 kB │ gzip:  0.30 kB
dist/assets/index-B4DwZ_IT.css   41.89 kB │ gzip:  8.29 kB
dist/assets/index-C-Hn_NbO.js   331.24 kB │ gzip: 95.91 kB
✓ built in 1.76s
vite v7.3.6 building client environment for production...
transforming...
✓ 4583 modules transformed.
rendering chunks...
computing gzip size...
dist/settings.html                   0.46 kB │ gzip:  0.30 kB
dist/assets/settings-B4DwZ_IT.css   41.89 kB │ gzip:  8.29 kB
dist/assets/settings-Ciphz1nm.js   331.24 kB │ gzip: 95.91 kB
✓ built in 1.56s
