
> portal:build
> vite build --config portal/vite.config.ts && vite build --config portal/vite.settings.config.ts

vite v7.3.6 building client environment for production...
transforming...
✓ 4583 modules transformed.
rendering chunks...
computing gzip size...
dist/index.html                   0.45 kB │ gzip:  0.29 kB
dist/assets/index-CaWqCTUc.css   43.01 kB │ gzip:  8.48 kB
dist/assets/index-CyyyDnPf.js   332.44 kB │ gzip: 96.31 kB
✓ built in 1.65s
vite v7.3.6 building client environment for production...
transforming...
✓ 4583 modules transformed.
rendering chunks...
computing gzip size...
dist/settings.html                   0.46 kB │ gzip:  0.30 kB
dist/assets/settings-CaWqCTUc.css   43.01 kB │ gzip:  8.48 kB
dist/assets/settings-DB_bqoIW.js   332.44 kB │ gzip: 96.31 kB
✓ built in 1.55s
