
 ⛅️ wrangler 4.125.0 (update available 4.131.2)
───────────────────────────────────────────────
Resource location: remote 

Migrations to be applied:
┌──────────────────────────────────────┐
│ name                                 │
├──────────────────────────────────────┤
│ 0046_implementation_demo_retries.sql │
└──────────────────────────────────────┘
? About to apply 1 migration(s)
Your database may not be available to serve requests during the migration, continue?
🤖 Using fallback value in non-interactive context: yes
🌀 Executing on remote database DB (4e854f8a-018a-42c4-a325-c4b8805c06b2):
🌀 To execute on your local development database, remove the --remote flag from your wrangler command.
🚣 Executed 16 commands in 40.59ms
┌──────────────────────────────────────┬────────┐
│ name                                 │ status │
├──────────────────────────────────────┼────────┤
│ 0046_implementation_demo_retries.sql │ ✅     │
└──────────────────────────────────────┴────────┘
