
> portal:build
> vite build --config portal/vite.config.ts && vite build --config portal/vite.settings.config.ts

vite v7.3.6 building client environment for production...
transforming...
✓ 4587 modules transformed.
rendering chunks...
computing gzip size...
dist/index.html                   0.45 kB │ gzip:   0.29 kB
dist/assets/index-jhPcg62q.css   47.94 kB │ gzip:   9.29 kB
dist/assets/index-Cjp2Mrud.js   346.53 kB │ gzip: 100.51 kB
✓ built in 1.55s
vite v7.3.6 building client environment for production...
transforming...
✓ 4587 modules transformed.
rendering chunks...
computing gzip size...
dist/settings.html                   0.46 kB │ gzip:   0.30 kB
dist/assets/settings-jhPcg62q.css   47.94 kB │ gzip:   9.29 kB
dist/assets/settings-BXQOxAAB.js   346.53 kB │ gzip: 100.51 kB
✓ built in 1.54s
